Γùç injected env (20) from .env // tip: Γùê encrypted .env [www.dotenvx.com]
SUCCESS: orderRoutes loaded without errors
